#!/bin/bash

function map1z0m {
 echo -e "
  _______
 | DD|UU |
 |  _|_  |
 |       |
 |__EEE__|


 "
 echo -e " Welcome to Despise. This is primarily a Humanoid Dungeon.
   [+] Location: Entrance [EEE]\tHealthpoints: \\033[1;32m$player_hp\\033[m\tGold: \\033[33m$player_item_gold\\033[m
  What would you like to do?
  "
}

function map0z0m {
 echo -e "
             _________          ___
 ___        |       __|        /   |
/DD |   __ /___[Z5]|_       __|    |
\_  |  |  |    |_    |   __|     __|
 _| |__|  |______|   |__|     __|
/[Z3]:_________    ____:   ___|
\    |        |  |    |   |
 |   |    __  |__|    |   |
 |   |___|  |        /    |
 |_______   |       | [Z2]|
         |  |_______\     |
     ----|,, _    :___    |
    /  __   | |   |   |    |__
 __|   | |  | |   |_   \,,,,,,|
|     /  |  || : :  |   |     |
|____/   |  \/  /\   \___\    |__
 ________|      ||___            |
|         [Z4]  | /  :__    _    |___
|  _____________|/   /  |  | | [\\033[1;31mOO\\033[m]  |
|                   /   |  | |_______|
|__________________/    |UU|
                         --

    [\\033[1;36m+\\033[m] Location: Zone 1 [Z1]\tHealthpoints: \\033[1;32m$player_hp\\033[m\tGold: \\033[33m$player_item_gold\\033[m
  What would you like to do?
"
}

function map0z1m {
 echo -e "
             _________          ___
 ___        |       __|        /   |
/DD |   __ /___[Z5]|_       __|    |
\_  |  |  |    |_    |   __|     __|
 _| |__|  |______|   |__|     __|
/[Z3]:_________    ____:   ___|
\    |        |  |    |   |
 |   |    __  |__|    |   |
 |   |___|  |        /    |
 |_______   |       | [\\033[1;31mOO\\033[m]|
         |  |_______\     |
     ----|,, _    :___    |
    /  __   | |   |   |    |__
 __|   | |  | |   |_   \,,,,,,|
|     /  |  || : :  |   |     |
|____/   |  \/  /\   \___\    |__
 ________|      ||___            |
|         [Z4]  | /  :__    _    |___
|  _____________|/   /  |  | | [Z1]  |
|                   /   |  | |_______|
|__________________/    |UU|
                         --

    [\\033[1;36m+\\033[m] Location: Zone 2 [Z2]\tHealthpoints: \\033[1;32m$player_hp\\033[m\tGold: \\033[33m$player_item_gold\\033[m
  What would you like to do?
"
}

function map0z2m {
 echo -e "
             _________          ___
 ___        |       __|        /   |
/DD |   __ /___[Z5]|_       __|    |
\_  |  |  |    |_    |   __|     __|
 _| |__|  |______|   |__|     __|
/[\\033[1;31mOO\\033[m]:_________    ____:   ___|
\    |        |  |    |   |
 |   |    __  |__|    |   |
 |   |___|  |        /    |
 |_______   |       | [Z2]|
         |  |_______\     |
     ----|,, _    :___    |
    /  __   | |   |   |    |__
 __|   | |  | |   |_   \,,,,,,|
|     /  |  || : :  |   |     |
|____/   |  \/  /\   \___\    |__
 ________|      ||___            |
|         [Z4]  | /  :__    _    |___
|  _____________|/   /  |  | | [Z1]  |
|                   /   |  | |_______|
|__________________/    |UU|
                         --

    [\\033[1;36m+\\033[m] Location: Zone 3 [Z3]\tHealthpoints: \\033[1;32m$player_hp\\033[m\tGold: \\033[33m$player_item_gold\\033[m
  What would you like to do?
"
}


function map0z3m {
 echo -e "
             _________          ___
 ___        |       __|        /   |
/DD |   __ /___[Z5]|_       __|    |
\_  |  |  |    |_    |   __|     __|
 _| |__|  |______|   |__|     __|
/[Z3]:_________    ____:   ___|
\    |        |  |    |   |
 |   |    __  |__|    |   |
 |   |___|  |        /    |
 |_______   |       | [Z2]|
         |  |_______\     |
     ----|,, _    :___    |
    /  __   | |   |   |    |__
 __|   | |  | |   |_   \,,,,,,|
|     /  |  || : :  |   |     |
|____/   |  \/  /\   \___\    |__
 ________|      ||___            |
|         [\\033[1;31mOO\\033[m]  | /  :__    _    |___
|  _____________|/   /  |  | | [Z1]  |
|                   /   |  | |_______|
|__________________/    |UU|
                         --

    [\\033[1;36m+\\033[m] Location: Zone 4 [Z4]\tHealthpoints: \\033[1;32m$player_hp\\033[m\tGold: \\033[33m$player_item_gold\\033[m
  What would you like to do?
"
}


function map0z4m {
 echo -e "
             _________          ___
 ___        |       __|        /   |
/DD |   __ /___[\\033[1;31mOO\\033[m]|_       __|    |
\_  |  |  |    |_    |   __|     __|
 _| |__|  |______|   |__|     __|
/[Z3]:_________    ____:   ___|
\    |        |  |    |   |
 |   |    __  |__|    |   |
 |   |___|  |        /    |
 |_______   |       | [Z2]|
         |  |_______\     |
     ----|,, _    :___    |
    /  __   | |   |   |    |__
 __|   | |  | |   |_   \,,,,,,|
|     /  |  || : :  |   |     |
|____/   |  \/  /\   \___\    |__
 ________|      ||___            |
|         [Z4]  | /  :__    _    |___
|  _____________|/   /  |  | | [Z1]  |
|                   /   |  | |_______|
|__________________/    |UU|
                         --

    [\\033[1;36m+\\033[m] Location: Zone 5 [Z5]\tHealthpoints: \\033[1;32m$player_hp\\033[m\tGold: \\033[33m$player_item_gold\\033[m
  What would you like to do?
"
}



